
> @tecman/frontend@1.0.0 build
> next build

   ▲ Next.js 14.0.0

   Creating an optimized production build ...
node.exe : Failed to 
compile.
En línea: 1 Carácter: 
1
+ & "C:\Program Files\
nodejs/node.exe" "C:\U
sers\mono-\AppData\Roa
ming\ ...
+ ~~~~~~~~~~~~~~~~~~~~
~~~~~~~~~~~~~~~~~~~~~~
~~~~~~~~~~~~~~~~~~~~~~
~~~~~
    + CategoryInfo    
          : NotSpeci  
  fied: (Failed to    
 compile.:String)     
[], RemoteExcepti    
on
    + FullyQualifiedE 
   rrorId : NativeCo  
  mmandError
 

./src/components/ui/ca
rd.tsx
Error: 
  [31mx[0m 
Unexpected token 
`div`. Expected jsx 
identifier
    ,-[[36;1;4mC:\ega
n_projects\egan-tecman
\frontend\src\componen
ts\ui\card.tsx[0m:59:
1]
 [2m59[0m |     
HTMLDivElement,
 [2m60[0m |     Reac
t.HTMLAttributes<HTMLD
ivElement>
 [2m61[0m | >(({ 
className, ...props 
}, ref) => (
 [2m62[0m |     
<div ref={ref} 
className={cn("p-6 
pt-0", className)} 
...props />
    : [31;1m     
^^^[0m
 [2m63[0m | ))
 [2m64[0m |     Card
Content.displayName = 
"CardContent"
 [2m64[0m | 
    `----

Caused by:
    Syntax Error

Import trace for 
requested module:
./src/components/ui/ca
rd.tsx
./src/app/page.tsx

./src/components/ui/dr
opdown-menu.tsx
Error: 
  [31mx[0m 
Unexpected token `{`. 
Expected identifier, 
string literal, 
numeric literal or [ 
for the computed key
     ,-[[36;1;4mC:\eg
an_projects\egan-tecma
n\frontend\src\compone
nts\ui\dropdown-menu.t
sx[0m:170:1]
 [2m170[0m | 
 [2m171[0m | const 
DropdownMenuShortcut 
= ({
 [2m172[0m |     
className,
 [2m173[0m |     
{...props}
     : [31;1m    
^[0m
 [2m174[0m | }: Reac
t.HTMLAttributes<HTMLS
panElement>) => {
 [2m175[0m |     
return (
 [2m175[0m |        
 <span
     `----

Caused by:
    Syntax Error

Import trace for 
requested module:
./src/components/ui/dr
opdown-menu.tsx
./src/components/user-
nav.tsx
./src/components/heade
r.tsx
./src/app/dashboard/la
yout.tsx


> Build failed 
because of webpack 
errors
